Traceback (most recent call last):
  File "/home/tmiller/.local/lib/python3.8/site-packages/jupyter_cache/executors/utils.py", line 51, in single_nb_execution
    executenb(
  File "/home/tmiller/.local/lib/python3.8/site-packages/nbclient/client.py", line 1087, in execute
    return NotebookClient(nb=nb, resources=resources, km=km, **kwargs).execute()
  File "/home/tmiller/.local/lib/python3.8/site-packages/nbclient/util.py", line 74, in wrapped
    return just_run(coro(*args, **kwargs))
  File "/home/tmiller/.local/lib/python3.8/site-packages/nbclient/util.py", line 53, in just_run
    return loop.run_until_complete(coro)
  File "/usr/lib/python3.8/asyncio/base_events.py", line 616, in run_until_complete
    return future.result()
  File "/home/tmiller/.local/lib/python3.8/site-packages/nbclient/client.py", line 540, in async_execute
    await self.async_execute_cell(
  File "/home/tmiller/.local/lib/python3.8/site-packages/nbclient/client.py", line 832, in async_execute_cell
    self._check_raise_for_error(cell, exec_reply)
  File "/home/tmiller/.local/lib/python3.8/site-packages/nbclient/client.py", line 740, in _check_raise_for_error
    raise CellExecutionError.from_cell_and_msg(cell, exec_reply['content'])
nbclient.exceptions.CellExecutionError: An error occurred while executing the following cell:
------------------
#import sys
#sys.path.append('/mnt/c/Users/tmiller/OneDrive - The University of Melbourne/Documents/subjects/COMP90054/rl-notes/code')

from gridworld import *

class ValueIteration():

    def __init__(self, mdp):
        self.mdp = mdp

    ''' Implmentation of value iteration '''
    def valueIteration(self, iterations = 100, theta = 0.001):

        # Initialise the value function V with all 0s
        values = self.initialiseValueFunction()
        for _ in range(iterations):

           delta = 0.0
           for state in mdp.getStates():
               qValues = dict()
               for action in mdp.getActions(state):
                   # Calculate the value of Q(s,a)
                   newValue = 0.0
                   for (newState, probability) in mdp.getTransitions(state, action):
                       reward = mdp.getReward(state, action, newState)
                       newValue += probability * (reward + (mdp.getDiscountFactor() * values[newState]))
                   qValues.update({action: newValue})

               # V(s) = max_a Q(s,a)
               maxQ = max(qValues.values())
               delta = max(delta, abs(values[state] - maxQ))
               values.update({state: maxQ})

           # terminate if the value function has converged
           if delta < theta:
               break

        return values

    def initialiseValueFunction(self):
        values = dict()
        for state in self.mdp.getStates():
            values.update({state: 0.0})
        return values
------------------

[0;31m---------------------------------------------------------------------------[0m
[0;31mModuleNotFoundError[0m                       Traceback (most recent call last)
[0;32m<ipython-input-1-49c180315652>[0m in [0;36m<module>[0;34m[0m
[1;32m      2[0m [0;31m#sys.path.append('/mnt/c/Users/tmiller/OneDrive - The University of Melbourne/Documents/subjects/COMP90054/rl-notes/code')[0m[0;34m[0m[0;34m[0m[0;34m[0m[0m
[1;32m      3[0m [0;34m[0m[0m
[0;32m----> 4[0;31m [0;32mfrom[0m [0mgridworld[0m [0;32mimport[0m [0;34m*[0m[0;34m[0m[0;34m[0m[0m
[0m[1;32m      5[0m [0;34m[0m[0m
[1;32m      6[0m [0;32mclass[0m [0mValueIteration[0m[0;34m([0m[0;34m)[0m[0;34m:[0m[0;34m[0m[0;34m[0m[0m

[0;31mModuleNotFoundError[0m: No module named 'gridworld'
ModuleNotFoundError: No module named 'gridworld'

